APRINT
APRINT0
APRINTT0
ASCII
BCOPY
BIOSKEY
BLANKS
BLKCLEAR
BLPRINT
BOX0
BUTTONPRESS
CALCFIELDS
CODE2NUM
COMPACT
COMPARE3
DATE2NUM
DELETET
DISPLAYMISCSCRN
DOSERROR
EDATE2NUM
ENDOFFORMS
ENUM2DATE
EUROSWAP
EVALUATE
EXIST
EXQPRINTC
FCLOSE
FCOUNT
FCREATE
FGET
FGETA
FGETAH
FGETRT
FGETRTA
FGETT
FILEVIEW
FINDLAST
FIXDATE
FLDNUM
FLINPUT
FLOF
FOPEN
FOPENALL
FORMAT
FPUT
FPUTA
FPUTAH
FPUTRTA
FSEEK
FUDGEFACTOR
FUSING
GETCURSOR
GETVMODE
HIDECURSOR
IMAXI
IMINI
INCOUNT
INITMOUSE
INSERTT
KILLFILE
MAXINT
MGETKEY
MININT
MONITOR
MONTHNAME
MOUSETRAP
MOVESCREEN
MPAINTBOX
MPRESTORE
MQPRINT
MSCRNREST
MSCRNSAVE
NAMEFILE
NULL
NUM2DATE
NUM2DAY
PAUSE
PAUSE3
PDQTIMER
PEEK1
PMATCH
POKE1
PRINTARRAY
PRINTRPTFILE
PROPERNAME
PUTSCRN
QBLOAD
QINSTRB
QPRINTRC
QPRTRIM
QPSTRI
QPSTRL
QPTRIM
QPVALI
QPVALL
READFILEX
SAVEFIELD
SAVESCRN
SCROLLD
SCROLLL
SCROLLR
SCROLLU
SETMONSEG
SHARETHERE
SHOWCURSOR
SORT
SORTT
STUFFBUF
TEXTCURSOR
TOKENIZE
TRAPINT
UNPACKBUFFER
VALUE
VERTMENU
WAITFORACTION
WAITKEY
WAZZWIND
WENVTEST
WHICHERROR
WRITESCREEN
