10-040020  2951  SARAH HAMILTON             812 OAKDALE STREET        A      1 
10-040031  1130  MERRY PEASE                802 OAKDALE STREET        A      1 
10-040050  1131  WAYNE MORRIS               1434 EXETER ROAD          A      1 
10-040060  1132  LANIS GIVENS               1432 EXETER ROAD          A      1 
10-040070  1133  DOUGLAS HOWARD             1418 LOWER EXETER ROAD    A      1 
10-040082  1941  MELISSA MESSER             1414 LOWER EXETER ROAD    A      1 
10-040090  1135  CHARLES FRITZ              1423 EXETER ROAD          A      1 
10-040100  1136  FRANK LIGHT                1413 LOWER EXETER ROAD    A      1 
10-040116  3346  JAMES LESTER SMITH         1401 LOWER EXETER ROAD    A      1 
10-040117  3920  ELVA PLUNKET               1407 LOWER EXETER         A      1 
10-040131  3594  RACHEL DAVIDSON            1399 LOWER EXETER ROAD    A      1 
10-040140  1140  OTIS SMITH                 1395 LOWER EXETER ROAD    A      1 
10-040155  3944  JAMES DAVIDSON             1393 LOWER EXETER ROAD    A      1 
10-040162  3645  PATSY HERRON               134 LOWER EXETER ROAD     A      1 
10-040174  3714  DAVID DOTSON               1389 LOWER EXETER ROAD    A      1 
10-040191  1146  ROY C. BALDWIN             1383 LOWER EXETER ROAD    A      1 
10-040200  1147  LARRY JOHNSON              1279 REDBUD ROAD          A      1 
10-040211  3261  NATASHA RICH BALDWIN       1277 REDBUD RD.           A      1 
10-040251  2330  ORVALE GATES               934 EXETER ROAD           A      1 
10-040261  1151  MARGARET BURKE             932 EXETER ROAD           A      1 
10-040270  1152  MRS RALPH KILGORE          2676 CREST RD.            A      1 
10-040291  2910  BILL FRITZ                 864 BALSAM STREET         A      1 
10-040300  2753  CHRIS & ADRIENNE GIBSON    862 BALSAM STREET         A      1 
10-040310  1155  JANICE CLENDENON           860 BALSAM ST.            A      1 
10-040312  3930  HANK GIBSON                856 BALSAM ST.            A      1 
10-040320  1157  HOBART GIBSON              854 BALSAM STREET         A      1 
10-040333  1158  TOM MILLER                 902 EXETER ROAD           A      1 
10-040351  1160  JAMES NEEDHAM              2692 CREST ROAD           A      1 
10-040365  3473  DONNA GILLIAM              861 OAKDALE STREET        A      1 
10-040371  1162  RICK SCALF                 859 OAKDALE STREET        A      1 
10-040380  1163  S. M. SCALF                859 OAKDALE STREET        A      1 
10-040400  1164  RAYMOND G. JOHNSON         860 OAKDALE STREET        A      1 
10-040414  4542  KRISTINA BLEVINS           857 OAKDALE STREET        A      0 
10-040420  1166  MALCOLM PETERS             858 OAKDALE STREET        A      1 
10-040435  3037  JONATHAN DARNELL           855 OAKDALE ST. EXETER    A      1 
10-040450  2971  LEANDA HENRY               853 OAKDALE STREET        A      1 
10-040460  1169  EUGENE SHULER              854 OAKDALE STREET        A      1 
10-040479  1733  JAMES R. EVANS             849 OAKDALE STREET        A      1 
10-040496  1172  GARY & MIRANDA SUMMERS     847 OAKDALE STREET        A      1 
10-040502  3562  MELISSA FRANKLIN           848 OAKDALE STREET        A      1 
10-040511  3385  THOMAS NEEDHAM             845 OAKDALE STREET        A      1 
10-040530  1176  RANDALL HAMPTON            843 OAKDALE STREET        A      1 
10-040541  3306  THOMAS STIDHAM             844 OAKDALE STREET        A      1 
10-040552  3343  RONALD ZAYNE HUFF,JR.                                A      1 
10-040570  1180  GERALDINE HUFF                                       A      1 
10-040582  4535  KAREN THOMAS               838 OAKDALE ST.           A      0 
10-040592  1182  CHARLES HORTON                                       A      1 
10-040600  1183  ROBERT BARNETT             836 OAKDALE STREET        A      1 
10-040615  3072  ROY & SHANON THACKER                                 A      1 
10-040621  2707  KATHY MARTIN               832 OAKDALE STREET        A      1 
10-040640  1528  RONALD PETERS              828 OAKDALE STREET        A      1 
10-040651  4500  FRANK JONES                825 OAKDALE STREET        A      0 
10-040660  1188  JAMES E. EVANS             826 OAKDALE STREET        A      1 
10-040671  1189  FRANK JONES                823 OAKDALE STREET        A      1 
10-040680  1190  JOE WAGNER                 821 OAKDALE STREET        A      1 
10-040685  2245  EXETER CHURCH              EXETER VA                 A      1 
10-040697  4532  GERALD DAVIDSON            820 OAKDALE STREET        A      0 
10-040705  4586  CALEB CAUDILL              818 OAKDALE STREET        A      0 
10-040722  2406  GEORGE TAYLOR              831 WILLOW STREET         A      1 
10-040730  1193  GEORGE TAYLOR              829 WILLOW STREET         A      1 
10-040742  2408  JOHN TAYLOR                830 WILLOW STREET         A      1 
10-040751  2668  LOMA ANN BALL              827 WILLOW STREET         A      1 
10-040766  3589  REGINA FAY BAKER           828 WILLOW STREET         A      1 
10-040772  1197  DAVID R. WILLIAMS          825 WILLOW STREET         A      1 
10-040783  4584  REGINA BAKER               826 WILLOW STREET         A      0 
10-040796  3654  JAMES MATT GILLIAM         823 WILLOW STREET         A      1 
10-040803  3344  RICKY JOE HERALD           824 WILLOW STREET         A      1 
10-040811  1201  LESTER CAUDILL             821 WILLOW STREET         A      1 
10-040833  2231  VEDA HEARLD                819 WILLOW STREET         A      1 
10-040840  1204  JIM PRICE                  820 WILLOW STREET         A      1 
10-040850  1205  LARRY L. BUSH              817 WILLOW STREET         A      1 
10-040860  1206  GEORGE MCKINNEY            815 WILLOW STREET         A      1 
10-040871  4577  TRACY V. MULLINS           715 EXETER ROAD           A     -32767 
10-040908  3916  STEVE COOPER               734 EXETER ROAD           A      1 
10-040913  3242  SUE A. LONG                738 BIRCH ST.             A      1 
10-040922  1215  GEORGE DEATON                                        A      1 
10-040933  2332  LISA HORNER                736 BIRCH STREET          A      1 
10-040941  1213  GARY DAVIS                 730 EXETER ROAD           A      1 
10-040954  4505  ROBERT LARSEN              728 EXETER ROAD           A      0 
10-040960  1211  WALTER( PHEOBIA) JONES     730 BIRCH STREET          A      1 
10-040971  2149  MABLE GARRISON             726 EXETER ROAD           A      1 
10-040990  1216  LACY CLYDE HOPKINS                                   A      1 
10-041000  1217  EMMIT WAGNER               726 BIRCH STREET          A      1 
10-041011  1218  EDDIE JR. CLARK            722 EXETER ROAD           A      1 
10-041020  1219  LILLIAN WILSON             724 BIRCH STREET          A      1 
10-041031  3870  MIRANDA GREEAR             720 EXETER RD.            A      1 
10-041040  1221  JERRY BELCHER              722 BIRCH STREET          A      1 
10-041050  1222  ANNA M. SUMMERS            716 EXETER ROAD           A      1 
10-041060  1223  BRADLEY BELCHER            720 BIRCH STREET          A      1 
10-041073  3061  DAVID LEE BELCHER          714 EXETER ROAD           A      1 
10-041080  1225  CURTIS HORNER              718 BIRCH STREET          A      1 
10-041106  2636  GREG BARKER                710 EXETER ROAD           A      1 
10-041110  1227  JOE BELCHER                                          A      1 
10-041122  2752  WANDA JEAN HALL            704 EXETER ROAD           A      1 
10-041134  3970  STEPHANIE BARKER           702 EXETER ROAD           A      1 
10-041145  3791  WILLIAM D LOVELL           640 EXETER RD.            A      1 
10-041154  2607  LISA HOLMES STIPES         638 EXETER ROAD           A      1 
10-041160  1232  AARON PRICE                713 EXETER ROAD           A      1 
10-041174  4568  KENNETH L. COLLINS         711 EXETER ROAD           A      0 
10-041180  1234  BARRY NELSON                                         A      1 
10-041192  3479  SHELIA HAMBLIN             705 EXETER ROAD           A      0 
10-041220  1236  JUDGE LAWSON               EXETER                    A      1 
10-041230  2669  JACK ESTEP                 2710 JUNIPER STREET       A      1 
10-041242  3066  SANDRA DAY THOMAS          HOUSE # 2712              A      1 
10-041250  1238  WILLIAM SHULER             2708 ASH STREET           A      1 
10-041263  3503  TODD SCALF                 2714 JUNIPER STREET       A      1 
10-041287  3511  DEANNA WILLIAMS            2716 JUNIPER STREET       A      1 
10-041311  1529  ROY EVANS                  2718 JUNIPER ST.          A      1 
10-041317  3948  ANTHONY HOLMES             701 EXETER ROAD           A      1 
10-041323  3758  JAMIE M. PRICE             2704 ASH STREET           A      1 
10-041340  1244  ROBERT STIDHAM             2706 ASH STREET           A      1 
10-041350  1245  GLENN D. LAWSON            2705 ASH STREET           A      1 
10-041361  3689  TOLBY KISER                2708 ASH STREET           A      1 
10-041381  1682  WILLIAM WAGNER             2710 ASH STREET           A      1 
10-041390  1248  LEONARD SHULER                                       A      1 
10-041401  2428  TOM & STEPHANIE CLYMER     2709 ASH STREET           A      1 
10-041410  1249  EDWARD NICHOLS             2716 ASH STREET           A      1 
10-041423  3243  GEORGE MILLER 2ND          2718 ASH ST.              A      1 
10-041440  1251  MRS. HELEN LANE            2704 PINEHURST STREET     A      1 
10-041465  2855  BRUCE & TERESA JOHNSON     2705 PINEHURST STREET     A      1 
10-041470  1254  CARL LOVELL                EXETER                    A      1 
10-041511  4604  POLLY LIPPS                2763 PINEHURST            A      0 
10-041520  1257  IRENE SMITH                2765 PINEHURST STREET     A      1 
10-041532  2580  TERESA GARRETT             2767 PINEHURST ST.        A      1 
10-041540  1259  ROBERT HAROLD              2771 PINEHURST STREET     A      1 
10-041551  2107  CARL RUDD                  2773 PINEHURST STREET     A      1 
10-041560  1261  JIMMY HOBBS                2778 PINEHURST STREET     A      1 
10-041576  4605  STONEY GARRETT             2777 PINEHURST ST.        A      0 
10-041581  2251  SHANE E. DERWACTER         2779 PINEHURST STREET     A      1 
10-041600  1264  JASON MURRAY               2784 PINEHURST STREET     A      1 
10-041630  1267  THOMAS ARNETTE             2788 PINEHURST STREET     A      1 
10-041644  2605  RUFUS BROCK                2787 PINEHURST STREET     A      1 
10-041650  1268  LILLIE FANNON              2790 PINEHURST STREET     A      1 
10-041660  1269  MARION CHRISTIAN           2796 PINEHURST STREET     A      1 
10-041700  1271  LEE ROY SMITH              2799 PINEHURST STREET     A      1 
10-041711  3509  LEE COUNTY PSA             EXETER/KEOKEE LINE        A      1 
