
 Start  Stop   Length Name                   Class
 00000H 014E5H 014E6H ESC2DISK_CODE          BC_CODE
 014F0H 015DBH 000ECH FILEIO_CODE            BC_CODE
 015DCH 06A26H 0544BH RTCODE                 CODE
 06A28H 06A39H 00012H BIOSKEY_TEXT           CODE
 06A3AH 06B5AH 00121H DATE2NUM_TEXT          CODE
 06B5CH 06D2CH 001D1H DOSERROR_TEXT          CODE
 06D2EH 06D78H 0004BH EXIST_TEXT             CODE
 06D7AH 06DADH 00034H FCLOSE_TEXT            CODE
 06DAEH 06DF0H 00043H FCREATE_TEXT           CODE
 06DF2H 06E90H 0009FH FGETAH_TEXT            CODE
 06E92H 06EEDH 0005CH FLOF_TEXT              CODE
 06EEEH 06F4FH 00062H FOPENALL_TEXT          CODE
 06F50H 06F94H 00045H QPTRIM_TEXT            CODE
 06F96H 06FBDH 00028H CODE2NUM_TEXT          CODE
 06FBEH 06FBEH 00000H EXTERN2_TEXT           CODE
 06FBEH 07008H 0004BH EXTERNAL_TEXT          CODE
 07010H 07DFCH 00DEDH _TEXT                  CODE
 07E00H 0A37FH 02580H EMULATOR_TEXT          CODE
 0A380H 0A3B1H 00032H LOADRTM                CODE
 0A3B2H 0A3B2H 00000H C_ETEXT                ENDCODE
 0A3B2H 0A3B9H 00008H FAR_HDR                FAR_MSG
 0A3BAH 0A493H 000DAH FAR_MSG                FAR_MSG
 0A494H 0A495H 00002H FAR_PAD                FAR_MSG
 0A496H 0A496H 00001H FAR_EPAD               FAR_MSG
 0A4A0H 0A60FH 00170H EMULATOR_DATA          FAR_DATA
 0A610H 0A610H 00000H BR_DATA                BLANK
 0A610H 0A63FH 00030H BR_SKYS                BLANK
 0A640H 0A640H 00000H COMMON                 BLANK
 0A640H 0A7EFH 001B0H BC_DATA                BC_DATA
 0A7F0H 0A7F1H 00002H NMALLOC                BC_VARS
 0A7F2H 0A7F3H 00002H ENMALLOC               BC_VARS
 0A7F4H 0A7F4H 00000H BC_FT                  BC_SEGS
 0A800H 0AADFH 002E0H BC_CN                  BC_SEGS
 0AAE0H 0AAF2H 00013H BC_DS                  BC_SEGS
 0AAF4H 0AAF4H 00000H BC_SAB                 BC_SEGS
 0AAF4H 0AAFBH 00008H BC_SA                  BC_SEGS
 0AAFCH 0AAFFH 00004H BC_SAE                 BC_SEGS
 0AB00H 0AFBBH 004BCH _DATA                  DATA
 0AFBCH 0B0EDH 00132H _BSS                   DATA
 0B0EEH 0B0FBH 0000EH CDATA                  DATA
 0B0FCH 0B153H 00058H CONST                  DATA
 0B154H 0B154H 00000H XCB                    DATA
 0B154H 0B157H 00004H XC                     DATA
 0B158H 0B158H 00000H XCE                    DATA
 0B158H 0B158H 00000H XIB                    DATA
 0B158H 0B15BH 00004H XI                     DATA
 0B15CH 0B15CH 00000H XIE                    DATA
 0B15CH 0B15DH 00002H XIQC                   DATA
 0B15EH 0B16BH 0000EH DBDATA                 DATA
 0B16CH 0B16CH 00000H XIFB                   DATA
 0B16CH 0B16CH 00000H XIF                    DATA
 0B16CH 0B16CH 00000H XIFE                   DATA
 0B16CH 0B16CH 00000H XPB                    DATA
 0B16CH 0B16CH 00000H XP                     DATA
 0B16CH 0B16CH 00000H XPE                    DATA
 0B16CH 0B16CH 00000H XCFB                   DATA
 0B16CH 0B16CH 00000H XCF                    DATA
 0B16CH 0B16CH 00000H XCFE                   DATA
 0B16CH 0B16CH 00000H XOB                    BSS
 0B16CH 0B16CH 00000H XO                     BSS
 0B16CH 0B16CH 00000H XOE                    BSS
 0B170H 0BD6FH 00C00H STACK                  STACK

 Origin   Group
 0A61:0   DGROUP
 0A3B:0   FMGROUP

Program entry point at 0000:732C
