
 Start  Stop   Length Name                   Class
 00000H 00672H 00673H FIXMOWAS_CODE          BC_CODE
 00674H 006EEH 0007BH QPVAL_TEXT             CODE
 006F0H 009FFH 00310H SORTT_TEXT             CODE
 00A00H 00E6FH 00470H _TEXT                  CODE
 00E70H 04D42H 03ED3H RTCODE                 CODE
 04D44H 04D75H 00032H LOADRTM                CODE
 04D76H 04D76H 00000H C_ETEXT                ENDCODE
 04D76H 04D7DH 00008H FAR_HDR                FAR_MSG
 04D7EH 053B2H 00635H FAR_MSG                FAR_MSG
 053B3H 053B4H 00002H FAR_PAD                FAR_MSG
 053B5H 053B5H 00001H FAR_EPAD               FAR_MSG
 053C0H 053C0H 00000H BR_DATA                BLANK
 053C0H 053EFH 00030H BR_SKYS                BLANK
 053F0H 053F0H 00000H COMMON                 BLANK
 053F0H 05455H 00066H BC_DATA                BC_DATA
 05456H 05457H 00002H NMALLOC                BC_VARS
 05458H 05459H 00002H ENMALLOC               BC_VARS
 0545AH 0545AH 00000H BC_FT                  BC_SEGS
 05460H 05513H 000B4H BC_CN                  BC_SEGS
 05520H 05522H 00003H BC_DS                  BC_SEGS
 05524H 05524H 00000H BC_SAB                 BC_SEGS
 05524H 05527H 00004H BC_SA                  BC_SEGS
 05528H 0552BH 00004H BC_SAE                 BC_SEGS
 0552CH 058A7H 0037CH _DATA                  DATA
 058A8H 05997H 000F0H _BSS                   DATA
 05998H 059DFH 00048H CONST                  DATA
 059E0H 059E1H 00002H XIQC                   DATA
 059E2H 059EFH 0000EH DBDATA                 DATA
 059F0H 059FDH 0000EH CDATA                  DATA
 059FEH 059FEH 00000H XIFB                   DATA
 059FEH 059FEH 00000H XIF                    DATA
 059FEH 059FEH 00000H XIFE                   DATA
 059FEH 059FEH 00000H XIB                    DATA
 059FEH 05A01H 00004H XI                     DATA
 05A02H 05A02H 00000H XIE                    DATA
 05A02H 05A02H 00000H XPB                    DATA
 05A02H 05A02H 00000H XP                     DATA
 05A02H 05A02H 00000H XPE                    DATA
 05A02H 05A02H 00000H XCB                    DATA
 05A02H 05A05H 00004H XC                     DATA
 05A06H 05A06H 00000H XCE                    DATA
 05A06H 05A06H 00000H XCFB                   DATA
 05A06H 05A06H 00000H XCF                    DATA
 05A06H 05A06H 00000H XCFE                   DATA
 05A06H 05A06H 00000H XOB                    BSS
 05A06H 05A06H 00000H XO                     BSS
 05A06H 05A06H 00000H XOE                    BSS
 05A10H 0660FH 00C00H STACK                  STACK

 Origin   Group
 053C:0   DGROUP
 04D7:0   FMGROUP

Program entry point at 00A0:0206
