    ADDCUSTDEPOSIT                 is an unused BASIC procedure.
    ADDCUSTOMER                    was DECLAREd but not used.
    ADDEDITLOCATION                was DECLAREd but not used.
    ADDNEWCUSTOMER                 was DECLAREd but not used.
    ADDNEWMETER                    was DECLAREd but not used.
    CALCFIELDS                     was DECLAREd but not used.
    CLEARSCRN                      was DECLAREd but not used.
    CUSTLOOKUP                     was DECLAREd but not used.
    DATE2NUM                       was DECLAREd but not used.
    EDITCUST                       was DECLAREd but not used.
    EDITMETER                      was DECLAREd but not used.
    FLOF                           was DECLAREd but not used.
    FPUTRTA                        was DECLAREd but not used.
    GETNUMOFCUST                   was DECLAREd but not used.
    HIDECURSOR                     was DECLAREd but not used.
    LIBFILE2SCRN                   was DECLAREd but not used.
    LOADCUSTREC                    was DECLAREd but not used.
    LOADMETERREC                   was DECLAREd but not used.
    MPAINTBOX                      was DECLAREd but not used.
    MSCRNREST                      was DECLAREd but not used.
    MSCRNSAVE                      was DECLAREd but not used.
    MSGBOX                         was DECLAREd but not used.
    NUM2DATE                       was DECLAREd but not used.
    PIPROCESSMENU                  was DECLAREd but not used.
    PRINTARRAY                     was DECLAREd but not used.
    PRINTHELP                      was DECLAREd but not used.
    PRINTTITLE                     was DECLAREd but not used.
    REUSECUST                      was DECLAREd but not used.
    ROUND                          was DECLAREd but not used.
    SAVECUSTREC                    was DECLAREd but not used.
    SAVEFIELD                      was DECLAREd but not used.
    SAVEMETERREC                   was DECLAREd but not used.
    SAVESETUPREC                   was DECLAREd but not used.
    SEARCH4CUST                    was DECLAREd but not used.
    SORTSTR2                       was DECLAREd but not used.
    UBCUSTOMERMENU                 is an unused BASIC procedure.
    VALUE                          was DECLAREd but not used.
    VERTMENUT2                     was DECLAREd but not used.
