
 Start  Stop   Length Name                   Class
 00000H 01513H 01514H ESC2DISK_CODE          BC_CODE
 01520H 0160BH 000ECH FILEIO_CODE            BC_CODE
 0160CH 06A56H 0544BH RTCODE                 CODE
 06A58H 06A69H 00012H BIOSKEY_TEXT           CODE
 06A6AH 06B8AH 00121H DATE2NUM_TEXT          CODE
 06B8CH 06D5CH 001D1H DOSERROR_TEXT          CODE
 06D5EH 06DA8H 0004BH EXIST_TEXT             CODE
 06DAAH 06DDDH 00034H FCLOSE_TEXT            CODE
 06DDEH 06E20H 00043H FCREATE_TEXT           CODE
 06E22H 06EC0H 0009FH FGETAH_TEXT            CODE
 06EC2H 06F1DH 0005CH FLOF_TEXT              CODE
 06F1EH 06F7FH 00062H FOPENALL_TEXT          CODE
 06F80H 06FC4H 00045H QPTRIM_TEXT            CODE
 06FC6H 06FEDH 00028H CODE2NUM_TEXT          CODE
 06FEEH 06FEEH 00000H EXTERN2_TEXT           CODE
 06FEEH 07038H 0004BH EXTERNAL_TEXT          CODE
 07040H 07E2CH 00DEDH _TEXT                  CODE
 07E30H 0A3AFH 02580H EMULATOR_TEXT          CODE
 0A3B0H 0A3E1H 00032H LOADRTM                CODE
 0A3E2H 0A3E2H 00000H C_ETEXT                ENDCODE
 0A3E2H 0A3E9H 00008H FAR_HDR                FAR_MSG
 0A3EAH 0A4C3H 000DAH FAR_MSG                FAR_MSG
 0A4C4H 0A4C5H 00002H FAR_PAD                FAR_MSG
 0A4C6H 0A4C6H 00001H FAR_EPAD               FAR_MSG
 0A4D0H 0A63FH 00170H EMULATOR_DATA          FAR_DATA
 0A640H 0A640H 00000H BR_DATA                BLANK
 0A640H 0A66FH 00030H BR_SKYS                BLANK
 0A670H 0A670H 00000H COMMON                 BLANK
 0A670H 0A821H 001B2H BC_DATA                BC_DATA
 0A822H 0A823H 00002H NMALLOC                BC_VARS
 0A824H 0A825H 00002H ENMALLOC               BC_VARS
 0A826H 0A826H 00000H BC_FT                  BC_SEGS
 0A830H 0AB3FH 00310H BC_CN                  BC_SEGS
 0AB40H 0AB52H 00013H BC_DS                  BC_SEGS
 0AB54H 0AB54H 00000H BC_SAB                 BC_SEGS
 0AB54H 0AB5BH 00008H BC_SA                  BC_SEGS
 0AB5CH 0AB5FH 00004H BC_SAE                 BC_SEGS
 0AB60H 0B01BH 004BCH _DATA                  DATA
 0B01CH 0B14DH 00132H _BSS                   DATA
 0B14EH 0B15BH 0000EH CDATA                  DATA
 0B15CH 0B1B3H 00058H CONST                  DATA
 0B1B4H 0B1B4H 00000H XCB                    DATA
 0B1B4H 0B1B7H 00004H XC                     DATA
 0B1B8H 0B1B8H 00000H XCE                    DATA
 0B1B8H 0B1B8H 00000H XIB                    DATA
 0B1B8H 0B1BBH 00004H XI                     DATA
 0B1BCH 0B1BCH 00000H XIE                    DATA
 0B1BCH 0B1BDH 00002H XIQC                   DATA
 0B1BEH 0B1CBH 0000EH DBDATA                 DATA
 0B1CCH 0B1CCH 00000H XIFB                   DATA
 0B1CCH 0B1CCH 00000H XIF                    DATA
 0B1CCH 0B1CCH 00000H XIFE                   DATA
 0B1CCH 0B1CCH 00000H XPB                    DATA
 0B1CCH 0B1CCH 00000H XP                     DATA
 0B1CCH 0B1CCH 00000H XPE                    DATA
 0B1CCH 0B1CCH 00000H XCFB                   DATA
 0B1CCH 0B1CCH 00000H XCF                    DATA
 0B1CCH 0B1CCH 00000H XCFE                   DATA
 0B1CCH 0B1CCH 00000H XOB                    BSS
 0B1CCH 0B1CCH 00000H XO                     BSS
 0B1CCH 0B1CCH 00000H XOE                    BSS
 0B1D0H 0BDCFH 00C00H STACK                  STACK

 Origin   Group
 0A64:0   DGROUP
 0A3E:0   FMGROUP

Program entry point at 0000:735C
