APRINT
APRINT0
APRINTT0
ASCII
BCOPY
BCOPYT
BIOSKEY
BLANKS
BOX0
BUTTONPRESS
CALCFIELDS
CHANGECLR
CLEARSCRN
COMPACT
COMPARE3
DATE2NUM
DELETET
DISKROOM
DISPLAYSCRN
DOSERROR
DOSVER
EDATE2NUM
EDITFORM
ENUM2DATE
EXIST
FCLOSE
FCREATE
FGET
FGETA
FGETAH
FGETRTA
FGETT
FILESIZE
FILEVIEW
FINDLAST
FLINPUT
FLOF
FOPEN
FPUTAH
FPUTRTA
FSEEK
FUDGEFACTOR
FUSING
GETCURSOR
GETVMODE
HIDECURSOR
INCOUNT
INITMOUSE
INSERTT
KILLFILE
LIB2SCRN
LIBFILE2SCRN
LIBGETADDRESSES
LIBGETFLDDEF
LIBNO
LIBNUMBEROFFIELDS
LIBSCRNAME
LOADSCRNLIB
MAXINT
MBUFFSIZE
MGETKEY
MGETSTATE
MININT
MONITOR
MOUSETRAP
MOVESCREEN
MPAINTBOX
MPRESTORE
MQPRINT
MSCRNREST
MSCRNSAVE
MSETSTATE
MSGBOX
NULL
NUM2DATE
NUM2DAY
PAUSE
PAUSE3
PDQTIMER
PEEK1
PMATCH
PRINTARRAY
PRINTRPTFILE
PROPERNAME
QBLOAD
QINSTRB
QPRINTRC
QPRTRIM
QPSOUND
QPSTRI
QPTRIM
QPVALI
QPVALL
SAVEFIELD
SCRNLIBSIZE
SCROLLD
SCROLLL
SCROLLR
SCROLLU
SHOWCURSOR
SHOWWRKORDHISTORY
SORTSTR2
SORTT
SORTT2
SPLITCOLOR
STUFFBUF
TEXTCURSOR
TITLEBOX
TRAPINT
UNPACKBUFFER
VALID
VERTMENU
VERTMENUT2
WAITKEY
WCLS
WCURSORSETSIZE
WENVTEST
WLOCATE
WPRINT
WRITESCREEN

