12-05-2005                                  PYMT     176   2005           $16.00
12-05-2005                                  PYMT     197   2005          $258.00
12-05-2005                                  PYMT     258   2005          $145.40
12-05-2005                                  PYMT     345   2005           $47.00
12-05-2005                                  PYMT     346   2005           $66.75
12-05-2005                                  PYMT     413   2005           $21.20
12-05-2005                                  PYMT     414   2005           $35.00
12-05-2005                                  PYMT     448   2005           $47.90
12-05-2005                                  PYMT     460   2005            $2.84
12-05-2005                                  PYMT     461   2005            $4.26
12-05-2005                                  PYMT     471   2005           $33.72
12-05-2005                                  PYMT     477   2005          $215.60
12-05-2005                                  PYMT     478   2005            $1.00
12-05-2005                                  PYMT     495   2005          $144.60
12-05-2005                                  PYMT     496   2005           $50.80
12-05-2005                                  PYMT     508   2005          $182.00
12-05-2005                                  PYMT     518   2005            $9.46
12-05-2005                                  PYMT     536   2005          $173.60
12-05-2005                                  PYMT     542   2005            $2.40
12-05-2005                                  PYMT     543   2005            $2.40
12-05-2005                                  PYMT     544   2005            $1.60
12-05-2005                                  PYMT     545   2005          $101.20
12-05-2005                                  PYMT     546   2005            $4.00
12-05-2005                                  PYMT     547   2005            $3.00
12-05-2005                                  PYMT     572   2005            $5.52
12-05-2005                                  PYMT     580   2005            $9.30
12-05-2005                                  PYMT     627   2005          $219.20
12-05-2005                                  PYMT     651   2005        $1,141.40
12-05-2005                                  PYMT     659   2005          $123.80
12-05-2005                                  PYMT     662   2005           $60.94
12-05-2005                                  PYMT     666   2005            $5.60
12-05-2005                                  PYMT     676   2005          $316.20
12-05-2005                                  PYMT     684   2005            $9.10
12-05-2005                                  PYMT     689   2005            $9.17
12-05-2005                                  PYMT     702   2005           $81.03
12-05-2005                                  PYMT     707   2005           $66.60
12-05-2005                                  PYMT     717   2005          $445.80
12-05-2005                                  PYMT     734   2005           $22.73
12-05-2005                                  PYMT     740   2005           $23.63
12-05-2005                                  PYMT     741   2005          $118.25
12-05-2005                                  PYMT     774   2005           $37.81
12-05-2005                                  PYMT     782   2005           $51.25
12-05-2005                                  PYMT     792   2005          $169.60
12-05-2005                                  PYMT     805   2005           $51.20
12-05-2005                                  PYMT     806   2005          $104.40
12-05-2005                                  PYMT     817   2005           $62.00
12-05-2005                                  PYMT     819   2005           $17.18
12-05-2005                                  PYMT     831   2005          $143.60
12-05-2005                                  PYMT     838   2005            $8.00
12-05-2005                                  PYMT     839   2005          $856.40
12-05-2005                                  PYMT     840   2005          $887.80
12-05-2005                                  PYMT     846   2005          $137.40
12-05-2005                                  PYMT     887   2005            $9.26
12-05-2005                                  PYMT     892   2005            $1.75
12-05-2005                                  PYMT     896   2005            $9.77
12-05-2005                                  PYMT     905   2005           $20.00
12-05-2005                                  PYMT     919   2005           $20.00
12-05-2005                                  PYMT     920   2005          $243.40
12-05-2005                                  PYMT     921   2005            $4.94
12-05-2005                                  PYMT     927   2005           $24.63
12-05-2005                                  PYMT     958   2005          $215.20
12-05-2005                                  PYMT     975   2005            $7.84
12-05-2005                                  PYMT     998   2005          $171.20
12-05-2005                                  PYMT    1001   2005           $21.95
12-05-2005                                  PYMT    1006   2005          $100.00
12-05-2005                                  PYMT    1014   2005           $35.36
12-05-2005                                  PYMT    1023   2005            $6.00
12-05-2005                                  PYMT    1033   2005          $188.60
12-05-2005                                  PYMT    1055   2005           $99.80
12-05-2005                                  PYMT    1058   2005            $1.00
12-05-2005                                  PYMT    1059   2005          $552.80
12-05-2005                                  PYMT    1060   2005          $338.60
12-05-2005                                  PYMT    1061   2005           $91.00
12-05-2005                                  PYMT    1062   2005            $1.00
12-05-2005                                  PYMT    1063   2005           $50.00
12-05-2005                                  PYMT    1064   2005           $25.00
12-05-2005                                  PYMT    1065   2005           $17.60
12-05-2005                                  PYMT    1066   2005           $70.00
12-05-2005                                  PYMT    1067   2005           $25.00
12-05-2005                                  PYMT    1071   2005          $310.00
12-05-2005                                  PYMT    1072   2005           $16.00
12-05-2005                                  PYMT    1073   2005           $16.00
12-05-2005                                  PYMT    1085   2005           $52.61
12-05-2005                                  PYMT    1090   2005          $255.20
12-05-2005                                  PYMT    1091   2005          $346.00
12-05-2005                                  PYMT    1143   2005          $181.80
12-05-2005                                  PYMT    1144   2005           $26.31
12-05-2005                                  PYMT    1158   2005           $50.36
12-05-2005                                  PYMT    1162   2005            $3.00
12-05-2005                                  PYMT    1163   2005          $141.80
12-05-2005                                  PYMT    1177   2005           $18.21
12-05-2005                                  PYMT    1189   2005           $34.92
12-05-2005                                  PYMT    1190   2005            $8.40
12-05-2005                                  PYMT    1207   2005          $184.10
12-05-2005                                  PYMT    1217   2005          $764.20
12-05-2005                                  PYMT    1232   2005          $228.60
12-05-2005                                  PYMT    1261   2005           $20.48
12-05-2005                                  PYMT    1261   2005           $90.80
12-05-2005                                  PYMT    1271   2005          $179.00
12-05-2005                                  PYMT    1280   2005          $281.80
12-05-2005                                  PYMT    1306   2005            $9.15
12-05-2005                                  PYMT    1317   2005            $2.84
12-05-2005                                  PYMT    1318   2005           $37.83
12-05-2005                                  PYMT    1319   2005            $1.19
12-05-2005                                  PYMT    1321   2005           $20.00
12-05-2005                                  PYMT    1322   2005           $24.00
12-05-2005                                  PYMT    1323   2005           $18.00
12-05-2005                                  PYMT    1347   2005          $718.20
12-05-2005                                  PYMT    1348   2005          $165.40
12-05-2005                                  PYMT    1390   2005          $167.60
12-05-2005                                  PYMT    1391   2005           $20.00
12-05-2005                                  PYMT    1394   2005           $18.48
12-05-2005                                  PYMT    1409   2005           $62.02
12-05-2005                                  PYMT    1415   2005           $41.44
12-05-2005                                  PYMT    1431   2005          $124.60
12-05-2005                                  PYMT    1439   2005           $34.80
12-05-2005                                  PYMT    1447   2005           $20.64
12-05-2005                                  PYMT    1452   2005           $21.00
12-05-2005                                  PYMT    1475   2005          $117.60
12-05-2005                                  PYMT    1482   2005           $79.89
12-05-2005                                  PYMT    1491   2005          $193.00
12-05-2005                                  PYMT    1510   2005          $102.00
12-05-2005                                  PYMT    1511   2005            $1.60
12-05-2005                                  PYMT    1513   2005          $259.20
12-05-2005                                  PYMT    1514   2005           $20.00
12-05-2005                                  PYMT    1515   2005          $291.20
12-05-2005                                  PYMT    1517   2005           $28.00
12-05-2005                                  PYMT    1518   2005            $6.00
12-05-2005                                  PYMT    1542   2005           $97.40
12-05-2005                                  PYMT    1554   2005          $160.00
12-05-2005                                  PYMT    1610   2005            $3.94
12-05-2005                                  PYMT    1628   2005           $24.00
12-05-2005                                  PYMT    1629   2005        $2,917.00
12-05-2005                                  PYMT    1658   2005           $15.68
12-05-2005                                  PYMT    1673   2005          $189.00
12-05-2005                                  PYMT    1676   2005          $431.03
12-05-2005                                  PYMT    1687   2005           $26.88
12-05-2005                                  PYMT    1690   2005           $92.68
12-05-2005                                  PYMT    1696   2005            $0.80
12-05-2005                                  PYMT    1696   2005           $43.86
12-05-2005                                  PYMT    1702   2005          $195.60
12-05-2005                                  PYMT    1726   2005          $535.50
12-05-2005                                  PYMT    1731   2005          $850.75
12-05-2005                                  PYMT    1737   2005          $137.00
12-05-2005                                  PYMT    1739   2005          $105.35
12-05-2005                                  PYMT    1740   2005           $16.80
12-05-2005                                  PYMT    1745   2005            $4.00
12-05-2005                                  PYMT    1754   2005          $238.49
12-05-2005                                  PYMT    1756   2005          $162.61
12-05-2005                                  PYMT    1769   2005           $28.00
12-05-2005                                  PYMT    1783   2005           $59.50
12-05-2005                                  PYMT    1791   2005            $2.40
12-05-2005                                  PYMT    1801   2005           $45.50
12-05-2005                                  PYMT    1839   2005           $35.00
12-05-2005                                  PYMT    1846   2005           $33.29
12-05-2005                                  PYMT    1854   2005          $224.00
12-05-2005                                  PYMT    1855   2005           $12.60
12-05-2005                                  PYMT    1863   2005          $373.07
12-05-2005                                  PYMT    1895   2005          $239.40
12-05-2005                                  PYMT    1898   2005           $89.58
12-05-2005                                  PYMT    1905   2005           $10.00
12-05-2005                                  PYMT    1907   2005          $562.40
12-05-2005                                  PYMT    1908   2005           $40.60
12-05-2005                                  PYMT    1910   2005          $130.60
12-05-2005                                  PYMT    1932   2005           $90.60
12-05-2005                                  PYMT    1936   2005        $9,909.00
12-05-2005                                  PYMT    1965   2005            $2.37
12-05-2005                                  PYMT    1966   2005           $41.64
12-05-2005                                  PYMT    1991   2005          $186.40
12-05-2005                                  PYMT    2009   2005          $728.20
12-05-2005                                  PYMT    2010   2005          $129.40
12-05-2005                                  PYMT    2027   2005           $14.00
12-05-2005                                  PYMT    2035   2005          $151.11
12-05-2005                                  PYMT    2080   2005          $125.40
12-05-2005                                  PYMT    2085   2005            $6.93
12-05-2005                                  PYMT    2092   2005           $12.00
12-05-2005                                  PYMT    2140   2005          $131.32
12-05-2005                                  PYMT    2153   2005          $197.20
12-05-2005                                  PYMT    2154   2005            $1.00
12-05-2005                                  PYMT    2155   2005          $230.40
12-05-2005                                  PYMT    2156   2005          $274.20
12-05-2005                                  PYMT    2157   2005          $224.80
12-05-2005                                  PYMT    2158   2005          $142.80
12-05-2005                                  PYMT    2159   2005          $105.80
12-05-2005                                  PYMT    2186   2005            $8.86
12-05-2005                                  PYMT    2204   2005           $48.40
12-05-2005                                  PYMT    2213   2005          $126.20
12-05-2005                                  PYMT    2254   2005            $2.89
12-05-2005                                  PYMT    2257   2005          $102.40
12-05-2005                                  PYMT    2258   2005           $14.40
12-05-2005                                  PYMT    2271   2005            $8.05
12-05-2005                                  PYMT    2289   2005           $38.12
12-05-2005                                  PYMT    2295   2005            $8.40
12-05-2005                                  PYMT    2316   2005          $169.80
12-05-2005                                  PYMT    2317   2005           $28.00
12-05-2005                                  PYMT    2325   2005          $252.20
12-05-2005                                  PYMT    2330   2005          $271.20
12-05-2005                                  PYMT    2353   2005      $180,289.20
12-05-2005                                  PYMT    2374   2005           $25.38
12-05-2005                                  PYMT    2376   2005          $260.40
12-05-2005                                  PYMT    2393   2005          $112.00
12-05-2005                                  PYMT    2396   2005            $3.00
12-05-2005                                  PYMT    2397   2005          $409.00
12-05-2005                                  PYMT    2398   2005           $23.80
12-05-2005                                  PYMT    2399   2005           $54.00
12-05-2005                                  PYMT    2429   2005           $19.17
12-05-2005                                  PYMT    2429   2005        $9,307.12
12-05-2005                                  PYMT    2442   2005          $325.00
12-05-2005                                  PYMT    2443   2005           $28.00
12-05-2005                                  PYMT    2449   2005           $26.00
12-05-2005                                  PYMT    2450   2005           $14.00
12-05-2005                                  PYMT    2462   2005          $131.40
12-05-2005                                  PYMT    2469   2005           $82.71
12-05-2005                                  PYMT    2470   2005           $58.20
12-05-2005                                  PYMT    2471   2005           $66.00
12-05-2005                                  PYMT    2472   2005          $187.00
12-05-2005                                  PYMT    2473   2005           $40.00
12-05-2005                                  PYMT    2473   2005           $64.51
12-05-2005                                  PYMT    2502   2005          $456.80
12-05-2005                                  PYMT    2503   2005          $253.80
12-05-2005                                  PYMT    2527   2005          $805.14
12-05-2005                                  PYMT    2533   2005           $19.22
12-05-2005                                  PYMT    2534   2005            $2.47
12-05-2005                                  PYMT    2541   2005           $12.00
12-05-2005                                  PYMT    2587   2005          $253.80
12-05-2005                                  PYMT    2613   2005          $364.20
12-05-2005                                  PYMT    2636   2005           $14.55
12-05-2005                                  PYMT    2640   2005          $139.20
12-05-2005                                  PYMT    2664   2005          $171.00
12-05-2005                                  PYMT    2690   2005           $40.80
12-05-2005                                  PYMT    2696   2005          $140.00
12-05-2005                                  PYMT    2697   2005          $245.40
12-05-2005                                  PYMT    2698   2005           $41.00
12-05-2005                                  PYMT    2699   2005           $32.00
12-05-2005 DAWN AUCTION PAYMNT              PYMT    2725   2005           $14.14
12-05-2005                                  PYMT    2725   2005          $112.48
12-05-2005                                  PYMT    2726   2005           $40.00
12-05-2005                                  PYMT    2727   2005           $69.40
12-05-2005                                  PYMT    2740   2005           $61.60
12-05-2005                                  PYMT    2798   2005           $48.20
12-05-2005                                  PYMT    2799   2005           $30.80
12-05-2005                                  PYMT    2799   2005          $627.40
12-05-2005                                  PYMT    2800   2005           $38.40
12-05-2005                                  PYMT    2800   2005        $8,162.15
12-05-2005                                  PYMT    2801   2005           $29.60
12-05-2005                                  PYMT    2804   2005          $199.00
12-05-2005                                  PYMT    2817   2005            $2.59
12-05-2005                                  PYMT    2834   2005          $148.40
12-05-2005                                  PYMT    2842   2005          $105.20
12-05-2005                                  PYMT    2854   2005           $18.00
12-05-2005                                  PYMT    2855   2005           $18.00
12-05-2005                                  PYMT    2863   2005           $83.80
12-05-2005                                  PYMT    2893   2005           $39.37
12-05-2005                                  PYMT    2900   2005           $18.00
12-05-2005                                  PYMT    2901   2005           $18.00
12-05-2005                                  PYMT    2903   2005           $35.71
12-05-2005                                  PYMT    2906   2005           $15.75
12-05-2005                                  PYMT    2951   2004            $3.86
12-05-2005                                  PYMT    2961   2005           $17.75
12-05-2005                                  PYMT    2962   2005            $8.83
12-05-2005                                  PYMT    2967   2005            $4.90
12-05-2005                                  PYMT    2969   2005           $57.26
12-05-2005                                  PYMT    3003   2005           $15.23
12-05-2005                                  PYMT    3005   2005        $1,397.48
12-05-2005                                  PYMT    3103   2005           $44.37
12-05-2005                                  PYMT    3115   2005           $42.57
12-05-2005                                  PYMT    3137   2005            $3.52
12-05-2005                                  PYMT    3229   2005            $9.30
12-05-2005                                  PYMT    3265   2005          $130.34
12-05-2005                                  PYMT    3273   2005          $305.88
12-05-2005                                  PYMT    3352   2005           $45.25
12-05-2005                                  PYMT    3360   2005           $15.34
12-05-2005                                  PYMT    3401   2005           $46.83
12-05-2005                                  PYMT    3415   2005            $6.13
12-05-2005                                  PYMT    3473   2005           $11.29
12-05-2005                                  PYMT    3498   2005           $15.44
12-05-2005                                  PYMT    3516   2005          $156.66
12-05-2005                                  PYMT    3524   2005           $17.36
12-05-2005                                  PYMT    3567   2005            $7.56
12-05-2005                                  PYMT    3584   2005          $119.98
12-05-2005                                  PYMT    3595   2005           $10.33
12-05-2005                                  PYMT    3602   2005           $12.97
12-05-2005                                  PYMT    3623   2005            $2.94
12-05-2005                                  PYMT    3649   2005           $85.30
12-05-2005                                  PYMT    3702   2005           $11.76
12-05-2005                                  PYMT    3749   2005           $21.48
12-05-2005                                  PYMT    3766   2005            $6.20
12-05-2005                                  PYMT    3772   2005           $88.03
12-05-2005                                  PYMT    3783   2005          $255.50
12-05-2005                                  PYMT    3791   2005           $30.38
12-05-2005                                  PYMT    3796   2005            $9.56
12-05-2005                                  PYMT    3812   2005            $5.31
12-05-2005                                  PYMT    3821   2005           $22.05
12-05-2005                                  PYMT    3844   2005            $2.52
12-05-2005                                  PYMT    3846   2005           $14.86
12-05-2005                                  PYMT    3861   2005            $7.98
12-05-2005                                  PYMT    3908   2005           $59.12
12-05-2005                                  PYMT    3910   2005            $8.72
12-05-2005                                  PYMT    3911   2005            $3.84
12-05-2005                                  PYMT    3938   2005            $7.51
12-05-2005                                  PYMT    3979   2005           $88.82
